---
source: lib/parse/src/parsers.rs
expression: "external_module_path().parse(stream(source,\n                \"\")).map_err(|error| ParseError::new(source, \"\", error)).err()"
---
Some(
    ParseError {
        message: "unexpected private module path",
        expected: [
            "public module path",
        ],
        position: Position(
            PositionInner {
                path: "",
                line_number: 1,
                column_number: 5,
                line: "Foo'bar'Baz",
            },
        ),
    },
)
