---
source: lib/parse/src/parsers.rs
expression: "expression().parse(stream(source,\n                \"\")).map_err(|error| ParseError::new(source, \"\", error)).err()"
---
Some(
    ParseError {
        message: "unexpected `)`",
        expected: [
            "unary operator",
            "if",
            "\\(",
            "[",
            "{",
            "`\"`",
            "if-list expression",
            "if-map expression",
            "if-type expression",
            "if expression",
            "function expression",
            "record literal",
            "list comprehension",
            "list literal",
            "map literal",
            "number literal",
            "string literal",
            "variable",
        ],
        position: Position {
            path: "",
            line_number: 1,
            column_number: 5,
            line: "f(1+)",
        },
    },
)
