---
source: lib/parse/src/parsers.rs
assertion_line: 2144
expression: "expression().parse(stream(source,\n                          \"\")).map_err(|error|\n                                           ParseError::new(source, \"\",\n                                                           error)).err()"
---
Some(
    ParseError {
        message: "unexpected `)`",
        expected: [
            "unary operator",
            "go",
            "if",
            "\\(",
            "[",
            "{",
            "false",
            "true",
            "none",
            "`\"`",
            "if-list expression",
            "if-map expression",
            "if-type expression",
            "if expression",
            "function expression",
            "record literal",
            "list literal",
            "map literal",
            "boolean literal",
            "none literal",
            "number literal",
            "string literal",
            "variable",
        ],
        position: Position {
            path: "",
            line_number: 1,
            column_number: 5,
            line: "f(1+)",
        },
    },
)
