---
source: lib/mir-fmm/src/entry_function.rs
expression: "fmm::analysis::format_module(&context.module_builder().as_module())"
---
(module
  (function _fmm_2 _closure
    (block
      (atomic-load (record-address (bit-cast (& (bit-cast f) (bit! 1))) 0) _fmm_3)
      (call _fmm_3 (bit-cast f) _fmm_4)
      (return _fmm_4)))
  (function _fmm_5 _closure
    (block
      (load (bit-cast (record-address (bit-cast (& (bit-cast (bit-cast _closure)) (bit! 1))) 2)) _fmm_6)
      (return (record))))
  (function _fmm_7 _closure
    (block
      (load (bit-cast (record-address (bit-cast (& (bit-cast (bit-cast _closure)) (bit! 1))) 2)) _fmm_8)
      (return (record))))
  (function _fmm_0 _closure
    (block
      (allocate-heap (size-of record) _fmm_1)
      (store 0 (record-address (bit-cast _fmm_1) 0))
      (store (record _fmm_2 _fmm_9 (record)) (record-address (bit-cast _fmm_1) 1))
      (atomic-load (record-address (bit-cast (& (bit-cast (bit-cast (record-address (bit-cast _fmm_1) 1))) (bit! 1))) 0) _fmm_a)
      (call _fmm_a (bit-cast (bit-cast (record-address (bit-cast _fmm_1) 1))) _fmm_b)
      (return _fmm_b))))
