---
source: lib/hir-mir/src/transformation/map_literal_transformer.rs
expression: "transform(&CompileContext::dummy(Default::default(), Default::default()),\n    &Map::new(types::None::new(Position::fake()),\n            types::Function::new(vec![], types::None::new(Position::fake()),\n                Position::fake()), vec![], Position::fake()))"
---
Ok(
    Call(
        Call {
            function_type: Some(
                Function(
                    Function {
                        arguments: [],
                        result: Reference(
                            Reference {
                                name: "GenericMap",
                                position: Position {
                                    path: "",
                                    line_number: 1,
                                    column_number: 1,
                                    line: "",
                                },
                            },
                        ),
                        position: Position {
                            path: "",
                            line_number: 1,
                            column_number: 1,
                            line: "",
                        },
                    },
                ),
            ),
            function: Variable(
                Variable {
                    name: "emptyMap",
                    position: Position {
                        path: "",
                        line_number: 1,
                        column_number: 1,
                        line: "",
                    },
                },
            ),
            arguments: [],
            position: Position {
                path: "",
                line_number: 1,
                column_number: 1,
                line: "",
            },
        },
    ),
)
