---
source: lib/hir-mir/src/transformation/map_literal_transformer.rs
assertion_line: 216
expression: "transform(&CompileContext::dummy(Default::default(), Default::default()),\n          &Map::new(types::None::new(Position::fake()),\n                    types::Function::new(vec![],\n                                         types::None::new(Position::fake()),\n                                         Position::fake()), vec![],\n                    Position::fake()))"
---
Ok(
    Call(
        Call {
            function_type: Some(
                Function(
                    Function {
                        arguments: [
                            Function(
                                Function {
                                    arguments: [
                                        Any(
                                            Any {
                                                position: Position {
                                                    path: "",
                                                    line_number: 0,
                                                    column_number: 0,
                                                    line: "",
                                                },
                                            },
                                        ),
                                        Any(
                                            Any {
                                                position: Position {
                                                    path: "",
                                                    line_number: 0,
                                                    column_number: 0,
                                                    line: "",
                                                },
                                            },
                                        ),
                                    ],
                                    result: Boolean(
                                        Boolean {
                                            position: Position {
                                                path: "",
                                                line_number: 0,
                                                column_number: 0,
                                                line: "",
                                            },
                                        },
                                    ),
                                    position: Position {
                                        path: "",
                                        line_number: 0,
                                        column_number: 0,
                                        line: "",
                                    },
                                },
                            ),
                            Function(
                                Function {
                                    arguments: [
                                        Any(
                                            Any {
                                                position: Position {
                                                    path: "",
                                                    line_number: 0,
                                                    column_number: 0,
                                                    line: "",
                                                },
                                            },
                                        ),
                                    ],
                                    result: Number(
                                        Number {
                                            position: Position {
                                                path: "",
                                                line_number: 0,
                                                column_number: 0,
                                                line: "",
                                            },
                                        },
                                    ),
                                    position: Position {
                                        path: "",
                                        line_number: 0,
                                        column_number: 0,
                                        line: "",
                                    },
                                },
                            ),
                            Function(
                                Function {
                                    arguments: [
                                        Any(
                                            Any {
                                                position: Position {
                                                    path: "",
                                                    line_number: 0,
                                                    column_number: 0,
                                                    line: "",
                                                },
                                            },
                                        ),
                                        Any(
                                            Any {
                                                position: Position {
                                                    path: "",
                                                    line_number: 0,
                                                    column_number: 0,
                                                    line: "",
                                                },
                                            },
                                        ),
                                    ],
                                    result: Boolean(
                                        Boolean {
                                            position: Position {
                                                path: "",
                                                line_number: 0,
                                                column_number: 0,
                                                line: "",
                                            },
                                        },
                                    ),
                                    position: Position {
                                        path: "",
                                        line_number: 0,
                                        column_number: 0,
                                        line: "",
                                    },
                                },
                            ),
                            Function(
                                Function {
                                    arguments: [
                                        Any(
                                            Any {
                                                position: Position {
                                                    path: "",
                                                    line_number: 0,
                                                    column_number: 0,
                                                    line: "",
                                                },
                                            },
                                        ),
                                    ],
                                    result: Number(
                                        Number {
                                            position: Position {
                                                path: "",
                                                line_number: 0,
                                                column_number: 0,
                                                line: "",
                                            },
                                        },
                                    ),
                                    position: Position {
                                        path: "",
                                        line_number: 0,
                                        column_number: 0,
                                        line: "",
                                    },
                                },
                            ),
                        ],
                        result: Reference(
                            Reference {
                                name: "GenericMap",
                                position: Position {
                                    path: "",
                                    line_number: 0,
                                    column_number: 0,
                                    line: "",
                                },
                            },
                        ),
                        position: Position {
                            path: "",
                            line_number: 0,
                            column_number: 0,
                            line: "",
                        },
                    },
                ),
            ),
            function: Variable(
                Variable {
                    name: "emptyMap",
                    position: Position {
                        path: "",
                        line_number: 0,
                        column_number: 0,
                        line: "",
                    },
                },
            ),
            arguments: [
                Lambda(
                    Lambda {
                        arguments: [
                            Argument {
                                name: "$lhs",
                                type_: Any(
                                    Any {
                                        position: Position {
                                            path: "",
                                            line_number: 0,
                                            column_number: 0,
                                            line: "",
                                        },
                                    },
                                ),
                            },
                            Argument {
                                name: "$rhs",
                                type_: Any(
                                    Any {
                                        position: Position {
                                            path: "",
                                            line_number: 0,
                                            column_number: 0,
                                            line: "",
                                        },
                                    },
                                ),
                            },
                        ],
                        result_type: Boolean(
                            Boolean {
                                position: Position {
                                    path: "",
                                    line_number: 0,
                                    column_number: 0,
                                    line: "",
                                },
                            },
                        ),
                        body: IfType(
                            IfType {
                                name: "$lhs",
                                argument: Variable(
                                    Variable {
                                        name: "$lhs",
                                        position: Position {
                                            path: "",
                                            line_number: 0,
                                            column_number: 0,
                                            line: "",
                                        },
                                    },
                                ),
                                branches: [
                                    IfTypeBranch {
                                        type_: None(
                                            None {
                                                position: Position {
                                                    path: "",
                                                    line_number: 0,
                                                    column_number: 0,
                                                    line: "",
                                                },
                                            },
                                        ),
                                        expression: IfType(
                                            IfType {
                                                name: "$rhs",
                                                argument: Variable(
                                                    Variable {
                                                        name: "$rhs",
                                                        position: Position {
                                                            path: "",
                                                            line_number: 0,
                                                            column_number: 0,
                                                            line: "",
                                                        },
                                                    },
                                                ),
                                                branches: [
                                                    IfTypeBranch {
                                                        type_: None(
                                                            None {
                                                                position: Position {
                                                                    path: "",
                                                                    line_number: 0,
                                                                    column_number: 0,
                                                                    line: "",
                                                                },
                                                            },
                                                        ),
                                                        expression: Boolean(
                                                            Boolean {
                                                                value: true,
                                                                position: Position {
                                                                    path: "",
                                                                    line_number: 0,
                                                                    column_number: 0,
                                                                    line: "",
                                                                },
                                                            },
                                                        ),
                                                    },
                                                ],
                                                else_: None,
                                                position: Position {
                                                    path: "",
                                                    line_number: 0,
                                                    column_number: 0,
                                                    line: "",
                                                },
                                            },
                                        ),
                                    },
                                ],
                                else_: None,
                                position: Position {
                                    path: "",
                                    line_number: 0,
                                    column_number: 0,
                                    line: "",
                                },
                            },
                        ),
                        position: Position {
                            path: "",
                            line_number: 0,
                            column_number: 0,
                            line: "",
                        },
                    },
                ),
                Lambda(
                    Lambda {
                        arguments: [
                            Argument {
                                name: "$x",
                                type_: Any(
                                    Any {
                                        position: Position {
                                            path: "",
                                            line_number: 0,
                                            column_number: 0,
                                            line: "",
                                        },
                                    },
                                ),
                            },
                        ],
                        result_type: Number(
                            Number {
                                position: Position {
                                    path: "",
                                    line_number: 0,
                                    column_number: 0,
                                    line: "",
                                },
                            },
                        ),
                        body: IfType(
                            IfType {
                                name: "$x",
                                argument: Variable(
                                    Variable {
                                        name: "$x",
                                        position: Position {
                                            path: "",
                                            line_number: 0,
                                            column_number: 0,
                                            line: "",
                                        },
                                    },
                                ),
                                branches: [
                                    IfTypeBranch {
                                        type_: None(
                                            None {
                                                position: Position {
                                                    path: "",
                                                    line_number: 0,
                                                    column_number: 0,
                                                    line: "",
                                                },
                                            },
                                        ),
                                        expression: Number(
                                            Number {
                                                value: 0.0,
                                                position: Position {
                                                    path: "",
                                                    line_number: 0,
                                                    column_number: 0,
                                                    line: "",
                                                },
                                            },
                                        ),
                                    },
                                ],
                                else_: None,
                                position: Position {
                                    path: "",
                                    line_number: 0,
                                    column_number: 0,
                                    line: "",
                                },
                            },
                        ),
                        position: Position {
                            path: "",
                            line_number: 0,
                            column_number: 0,
                            line: "",
                        },
                    },
                ),
                Lambda(
                    Lambda {
                        arguments: [
                            Argument {
                                name: "",
                                type_: Any(
                                    Any {
                                        position: Position {
                                            path: "",
                                            line_number: 0,
                                            column_number: 0,
                                            line: "",
                                        },
                                    },
                                ),
                            },
                            Argument {
                                name: "",
                                type_: Any(
                                    Any {
                                        position: Position {
                                            path: "",
                                            line_number: 0,
                                            column_number: 0,
                                            line: "",
                                        },
                                    },
                                ),
                            },
                        ],
                        result_type: Boolean(
                            Boolean {
                                position: Position {
                                    path: "",
                                    line_number: 0,
                                    column_number: 0,
                                    line: "",
                                },
                            },
                        ),
                        body: Boolean(
                            Boolean {
                                value: false,
                                position: Position {
                                    path: "",
                                    line_number: 0,
                                    column_number: 0,
                                    line: "",
                                },
                            },
                        ),
                        position: Position {
                            path: "",
                            line_number: 0,
                            column_number: 0,
                            line: "",
                        },
                    },
                ),
                Lambda(
                    Lambda {
                        arguments: [
                            Argument {
                                name: "",
                                type_: Any(
                                    Any {
                                        position: Position {
                                            path: "",
                                            line_number: 0,
                                            column_number: 0,
                                            line: "",
                                        },
                                    },
                                ),
                            },
                        ],
                        result_type: Number(
                            Number {
                                position: Position {
                                    path: "",
                                    line_number: 0,
                                    column_number: 0,
                                    line: "",
                                },
                            },
                        ),
                        body: Number(
                            Number {
                                value: 0.0,
                                position: Position {
                                    path: "",
                                    line_number: 0,
                                    column_number: 0,
                                    line: "",
                                },
                            },
                        ),
                        position: Position {
                            path: "",
                            line_number: 0,
                            column_number: 0,
                            line: "",
                        },
                    },
                ),
            ],
            position: Position {
                path: "",
                line_number: 0,
                column_number: 0,
                line: "",
            },
        },
    ),
)
