---
source: lib/hir-mir/src/transformation/if_list.rs
expression: "transform(&Context::dummy(Default::default(), Default::default()),\n    &IfList::new(Some(types::Any::new(Position::fake()).into()),\n            Variable::new(\"xs\", Position::fake()), \"x\", \"xs\",\n            None::new(Position::fake()), None::new(Position::fake()),\n            Position::fake()))"
---
Ok(
    IfType(
        IfType {
            name: "$firstRest",
            argument: Call(
                Call {
                    function_type: Some(
                        Function(
                            Function(
                                FunctionInner {
                                    arguments: [
                                        Reference(
                                            Reference(
                                                ReferenceInner {
                                                    name: "anyList",
                                                    position: Position(
                                                        PositionInner {
                                                            path: "",
                                                            line_number: 1,
                                                            column_number: 1,
                                                            line: "",
                                                        },
                                                    ),
                                                },
                                            ),
                                        ),
                                    ],
                                    result: Union(
                                        Union(
                                            UnionInner {
                                                lhs: Reference(
                                                    Reference(
                                                        ReferenceInner {
                                                            name: "firstRest",
                                                            position: Position(
                                                                PositionInner {
                                                                    path: "",
                                                                    line_number: 1,
                                                                    column_number: 1,
                                                                    line: "",
                                                                },
                                                            ),
                                                        },
                                                    ),
                                                ),
                                                rhs: None(
                                                    None {
                                                        position: Position(
                                                            PositionInner {
                                                                path: "",
                                                                line_number: 1,
                                                                column_number: 1,
                                                                line: "",
                                                            },
                                                        ),
                                                    },
                                                ),
                                                position: Position(
                                                    PositionInner {
                                                        path: "",
                                                        line_number: 1,
                                                        column_number: 1,
                                                        line: "",
                                                    },
                                                ),
                                            },
                                        ),
                                    ),
                                    position: Position(
                                        PositionInner {
                                            path: "",
                                            line_number: 1,
                                            column_number: 1,
                                            line: "",
                                        },
                                    ),
                                },
                            ),
                        ),
                    ),
                    function: Variable(
                        Variable {
                            name: "deconstruct",
                            position: Position(
                                PositionInner {
                                    path: "",
                                    line_number: 1,
                                    column_number: 1,
                                    line: "",
                                },
                            ),
                        },
                    ),
                    arguments: [
                        Variable(
                            Variable {
                                name: "xs",
                                position: Position(
                                    PositionInner {
                                        path: "",
                                        line_number: 1,
                                        column_number: 1,
                                        line: "",
                                    },
                                ),
                            },
                        ),
                    ],
                    position: Position(
                        PositionInner {
                            path: "",
                            line_number: 1,
                            column_number: 1,
                            line: "",
                        },
                    ),
                },
            ),
            branches: [
                IfTypeBranch {
                    type_: Reference(
                        Reference(
                            ReferenceInner {
                                name: "firstRest",
                                position: Position(
                                    PositionInner {
                                        path: "",
                                        line_number: 1,
                                        column_number: 1,
                                        line: "",
                                    },
                                ),
                            },
                        ),
                    ),
                    expression: Let(
                        Let {
                            name: Some(
                                "x",
                            ),
                            type_: Some(
                                Function(
                                    Function(
                                        FunctionInner {
                                            arguments: [],
                                            result: Any(
                                                Any {
                                                    position: Position(
                                                        PositionInner {
                                                            path: "",
                                                            line_number: 1,
                                                            column_number: 1,
                                                            line: "",
                                                        },
                                                    ),
                                                },
                                            ),
                                            position: Position(
                                                PositionInner {
                                                    path: "",
                                                    line_number: 1,
                                                    column_number: 1,
                                                    line: "",
                                                },
                                            ),
                                        },
                                    ),
                                ),
                            ),
                            bound_expression: Call(
                                Call {
                                    function_type: Some(
                                        Function(
                                            Function(
                                                FunctionInner {
                                                    arguments: [
                                                        Reference(
                                                            Reference(
                                                                ReferenceInner {
                                                                    name: "firstRest",
                                                                    position: Position(
                                                                        PositionInner {
                                                                            path: "",
                                                                            line_number: 1,
                                                                            column_number: 1,
                                                                            line: "",
                                                                        },
                                                                    ),
                                                                },
                                                            ),
                                                        ),
                                                    ],
                                                    result: Function(
                                                        Function(
                                                            FunctionInner {
                                                                arguments: [],
                                                                result: Any(
                                                                    Any {
                                                                        position: Position(
                                                                            PositionInner {
                                                                                path: "",
                                                                                line_number: 1,
                                                                                column_number: 1,
                                                                                line: "",
                                                                            },
                                                                        ),
                                                                    },
                                                                ),
                                                                position: Position(
                                                                    PositionInner {
                                                                        path: "",
                                                                        line_number: 1,
                                                                        column_number: 1,
                                                                        line: "",
                                                                    },
                                                                ),
                                                            },
                                                        ),
                                                    ),
                                                    position: Position(
                                                        PositionInner {
                                                            path: "",
                                                            line_number: 1,
                                                            column_number: 1,
                                                            line: "",
                                                        },
                                                    ),
                                                },
                                            ),
                                        ),
                                    ),
                                    function: Variable(
                                        Variable {
                                            name: "first",
                                            position: Position(
                                                PositionInner {
                                                    path: "",
                                                    line_number: 1,
                                                    column_number: 1,
                                                    line: "",
                                                },
                                            ),
                                        },
                                    ),
                                    arguments: [
                                        Variable(
                                            Variable {
                                                name: "$firstRest",
                                                position: Position(
                                                    PositionInner {
                                                        path: "",
                                                        line_number: 1,
                                                        column_number: 1,
                                                        line: "",
                                                    },
                                                ),
                                            },
                                        ),
                                    ],
                                    position: Position(
                                        PositionInner {
                                            path: "",
                                            line_number: 1,
                                            column_number: 1,
                                            line: "",
                                        },
                                    ),
                                },
                            ),
                            expression: Let(
                                Let {
                                    name: Some(
                                        "xs",
                                    ),
                                    type_: Some(
                                        Reference(
                                            Reference(
                                                ReferenceInner {
                                                    name: "anyList",
                                                    position: Position(
                                                        PositionInner {
                                                            path: "",
                                                            line_number: 1,
                                                            column_number: 1,
                                                            line: "",
                                                        },
                                                    ),
                                                },
                                            ),
                                        ),
                                    ),
                                    bound_expression: Call(
                                        Call {
                                            function_type: Some(
                                                Function(
                                                    Function(
                                                        FunctionInner {
                                                            arguments: [
                                                                Reference(
                                                                    Reference(
                                                                        ReferenceInner {
                                                                            name: "firstRest",
                                                                            position: Position(
                                                                                PositionInner {
                                                                                    path: "",
                                                                                    line_number: 1,
                                                                                    column_number: 1,
                                                                                    line: "",
                                                                                },
                                                                            ),
                                                                        },
                                                                    ),
                                                                ),
                                                            ],
                                                            result: Reference(
                                                                Reference(
                                                                    ReferenceInner {
                                                                        name: "anyList",
                                                                        position: Position(
                                                                            PositionInner {
                                                                                path: "",
                                                                                line_number: 1,
                                                                                column_number: 1,
                                                                                line: "",
                                                                            },
                                                                        ),
                                                                    },
                                                                ),
                                                            ),
                                                            position: Position(
                                                                PositionInner {
                                                                    path: "",
                                                                    line_number: 1,
                                                                    column_number: 1,
                                                                    line: "",
                                                                },
                                                            ),
                                                        },
                                                    ),
                                                ),
                                            ),
                                            function: Variable(
                                                Variable {
                                                    name: "rest",
                                                    position: Position(
                                                        PositionInner {
                                                            path: "",
                                                            line_number: 1,
                                                            column_number: 1,
                                                            line: "",
                                                        },
                                                    ),
                                                },
                                            ),
                                            arguments: [
                                                Variable(
                                                    Variable {
                                                        name: "$firstRest",
                                                        position: Position(
                                                            PositionInner {
                                                                path: "",
                                                                line_number: 1,
                                                                column_number: 1,
                                                                line: "",
                                                            },
                                                        ),
                                                    },
                                                ),
                                            ],
                                            position: Position(
                                                PositionInner {
                                                    path: "",
                                                    line_number: 1,
                                                    column_number: 1,
                                                    line: "",
                                                },
                                            ),
                                        },
                                    ),
                                    expression: None(
                                        None {
                                            position: Position(
                                                PositionInner {
                                                    path: "",
                                                    line_number: 1,
                                                    column_number: 1,
                                                    line: "",
                                                },
                                            ),
                                        },
                                    ),
                                    position: Position(
                                        PositionInner {
                                            path: "",
                                            line_number: 1,
                                            column_number: 1,
                                            line: "",
                                        },
                                    ),
                                },
                            ),
                            position: Position(
                                PositionInner {
                                    path: "",
                                    line_number: 1,
                                    column_number: 1,
                                    line: "",
                                },
                            ),
                        },
                    ),
                },
                IfTypeBranch {
                    type_: None(
                        None {
                            position: Position(
                                PositionInner {
                                    path: "",
                                    line_number: 1,
                                    column_number: 1,
                                    line: "",
                                },
                            ),
                        },
                    ),
                    expression: None(
                        None {
                            position: Position(
                                PositionInner {
                                    path: "",
                                    line_number: 1,
                                    column_number: 1,
                                    line: "",
                                },
                            ),
                        },
                    ),
                },
            ],
            else_: None,
            position: Position(
                PositionInner {
                    path: "",
                    line_number: 1,
                    column_number: 1,
                    line: "",
                },
            ),
        },
    ),
)
