---
source: lib/hir-mir/src/transformation/map_literal.rs
expression: "transform(&CompileContext::dummy(Default::default(), Default::default()),\n    &Map::new(types::None::new(Position::fake()),\n            types::None::new(Position::fake()),\n            vec![MapElement :: Map(None :: new(Position :: fake()).into())],\n            Position::fake()))"
---
Ok(
    Let(
        Let {
            name: Some(
                "$ctx",
            ),
            type_: Some(
                Reference(
                    Reference {
                        name: "mapContext",
                        position: Position {
                            path: "",
                            line_number: 1,
                            column_number: 1,
                            line: "",
                        },
                    },
                ),
            ),
            bound_expression: Call(
                Call {
                    function_type: Some(
                        Function(
                            Function {
                                arguments: [],
                                result: Reference(
                                    Reference {
                                        name: "mapContext",
                                        position: Position {
                                            path: "",
                                            line_number: 1,
                                            column_number: 1,
                                            line: "",
                                        },
                                    },
                                ),
                                position: Position {
                                    path: "",
                                    line_number: 1,
                                    column_number: 1,
                                    line: "",
                                },
                            },
                        ),
                    ),
                    function: Thunk(
                        Thunk {
                            type_: Some(
                                Reference(
                                    Reference {
                                        name: "mapContext",
                                        position: Position {
                                            path: "",
                                            line_number: 1,
                                            column_number: 1,
                                            line: "",
                                        },
                                    },
                                ),
                            ),
                            expression: Call(
                                Call {
                                    function_type: Some(
                                        Function(
                                            Function {
                                                arguments: [
                                                    Function(
                                                        Function {
                                                            arguments: [
                                                                Any(
                                                                    Any {
                                                                        position: Position {
                                                                            path: "",
                                                                            line_number: 1,
                                                                            column_number: 1,
                                                                            line: "",
                                                                        },
                                                                    },
                                                                ),
                                                                Any(
                                                                    Any {
                                                                        position: Position {
                                                                            path: "",
                                                                            line_number: 1,
                                                                            column_number: 1,
                                                                            line: "",
                                                                        },
                                                                    },
                                                                ),
                                                            ],
                                                            result: Boolean(
                                                                Boolean {
                                                                    position: Position {
                                                                        path: "",
                                                                        line_number: 1,
                                                                        column_number: 1,
                                                                        line: "",
                                                                    },
                                                                },
                                                            ),
                                                            position: Position {
                                                                path: "",
                                                                line_number: 1,
                                                                column_number: 1,
                                                                line: "",
                                                            },
                                                        },
                                                    ),
                                                    Function(
                                                        Function {
                                                            arguments: [
                                                                Any(
                                                                    Any {
                                                                        position: Position {
                                                                            path: "",
                                                                            line_number: 1,
                                                                            column_number: 1,
                                                                            line: "",
                                                                        },
                                                                    },
                                                                ),
                                                            ],
                                                            result: Number(
                                                                Number {
                                                                    position: Position {
                                                                        path: "",
                                                                        line_number: 1,
                                                                        column_number: 1,
                                                                        line: "",
                                                                    },
                                                                },
                                                            ),
                                                            position: Position {
                                                                path: "",
                                                                line_number: 1,
                                                                column_number: 1,
                                                                line: "",
                                                            },
                                                        },
                                                    ),
                                                    Function(
                                                        Function {
                                                            arguments: [
                                                                Any(
                                                                    Any {
                                                                        position: Position {
                                                                            path: "",
                                                                            line_number: 1,
                                                                            column_number: 1,
                                                                            line: "",
                                                                        },
                                                                    },
                                                                ),
                                                                Any(
                                                                    Any {
                                                                        position: Position {
                                                                            path: "",
                                                                            line_number: 1,
                                                                            column_number: 1,
                                                                            line: "",
                                                                        },
                                                                    },
                                                                ),
                                                            ],
                                                            result: Boolean(
                                                                Boolean {
                                                                    position: Position {
                                                                        path: "",
                                                                        line_number: 1,
                                                                        column_number: 1,
                                                                        line: "",
                                                                    },
                                                                },
                                                            ),
                                                            position: Position {
                                                                path: "",
                                                                line_number: 1,
                                                                column_number: 1,
                                                                line: "",
                                                            },
                                                        },
                                                    ),
                                                    Function(
                                                        Function {
                                                            arguments: [
                                                                Any(
                                                                    Any {
                                                                        position: Position {
                                                                            path: "",
                                                                            line_number: 1,
                                                                            column_number: 1,
                                                                            line: "",
                                                                        },
                                                                    },
                                                                ),
                                                            ],
                                                            result: Number(
                                                                Number {
                                                                    position: Position {
                                                                        path: "",
                                                                        line_number: 1,
                                                                        column_number: 1,
                                                                        line: "",
                                                                    },
                                                                },
                                                            ),
                                                            position: Position {
                                                                path: "",
                                                                line_number: 1,
                                                                column_number: 1,
                                                                line: "",
                                                            },
                                                        },
                                                    ),
                                                ],
                                                result: Reference(
                                                    Reference {
                                                        name: "mapContext",
                                                        position: Position {
                                                            path: "",
                                                            line_number: 1,
                                                            column_number: 1,
                                                            line: "",
                                                        },
                                                    },
                                                ),
                                                position: Position {
                                                    path: "",
                                                    line_number: 1,
                                                    column_number: 1,
                                                    line: "",
                                                },
                                            },
                                        ),
                                    ),
                                    function: Variable(
                                        Variable {
                                            name: "newMapContext",
                                            position: Position {
                                                path: "",
                                                line_number: 1,
                                                column_number: 1,
                                                line: "",
                                            },
                                        },
                                    ),
                                    arguments: [
                                        Lambda(
                                            Lambda {
                                                arguments: [
                                                    Argument {
                                                        name: "$lhs",
                                                        type_: Any(
                                                            Any {
                                                                position: Position {
                                                                    path: "",
                                                                    line_number: 1,
                                                                    column_number: 1,
                                                                    line: "",
                                                                },
                                                            },
                                                        ),
                                                    },
                                                    Argument {
                                                        name: "$rhs",
                                                        type_: Any(
                                                            Any {
                                                                position: Position {
                                                                    path: "",
                                                                    line_number: 1,
                                                                    column_number: 1,
                                                                    line: "",
                                                                },
                                                            },
                                                        ),
                                                    },
                                                ],
                                                result_type: Boolean(
                                                    Boolean {
                                                        position: Position {
                                                            path: "",
                                                            line_number: 1,
                                                            column_number: 1,
                                                            line: "",
                                                        },
                                                    },
                                                ),
                                                body: IfType(
                                                    IfType {
                                                        name: "$lhs",
                                                        argument: Variable(
                                                            Variable {
                                                                name: "$lhs",
                                                                position: Position {
                                                                    path: "",
                                                                    line_number: 1,
                                                                    column_number: 1,
                                                                    line: "",
                                                                },
                                                            },
                                                        ),
                                                        branches: [
                                                            IfTypeBranch {
                                                                type_: None(
                                                                    None {
                                                                        position: Position {
                                                                            path: "",
                                                                            line_number: 1,
                                                                            column_number: 1,
                                                                            line: "",
                                                                        },
                                                                    },
                                                                ),
                                                                expression: IfType(
                                                                    IfType {
                                                                        name: "$rhs",
                                                                        argument: Variable(
                                                                            Variable {
                                                                                name: "$rhs",
                                                                                position: Position {
                                                                                    path: "",
                                                                                    line_number: 1,
                                                                                    column_number: 1,
                                                                                    line: "",
                                                                                },
                                                                            },
                                                                        ),
                                                                        branches: [
                                                                            IfTypeBranch {
                                                                                type_: None(
                                                                                    None {
                                                                                        position: Position {
                                                                                            path: "",
                                                                                            line_number: 1,
                                                                                            column_number: 1,
                                                                                            line: "",
                                                                                        },
                                                                                    },
                                                                                ),
                                                                                expression: Boolean(
                                                                                    Boolean {
                                                                                        value: true,
                                                                                        position: Position {
                                                                                            path: "",
                                                                                            line_number: 1,
                                                                                            column_number: 1,
                                                                                            line: "",
                                                                                        },
                                                                                    },
                                                                                ),
                                                                            },
                                                                        ],
                                                                        else_: None,
                                                                        position: Position {
                                                                            path: "",
                                                                            line_number: 1,
                                                                            column_number: 1,
                                                                            line: "",
                                                                        },
                                                                    },
                                                                ),
                                                            },
                                                        ],
                                                        else_: None,
                                                        position: Position {
                                                            path: "",
                                                            line_number: 1,
                                                            column_number: 1,
                                                            line: "",
                                                        },
                                                    },
                                                ),
                                                position: Position {
                                                    path: "",
                                                    line_number: 1,
                                                    column_number: 1,
                                                    line: "",
                                                },
                                            },
                                        ),
                                        Lambda(
                                            Lambda {
                                                arguments: [
                                                    Argument {
                                                        name: "$x",
                                                        type_: Any(
                                                            Any {
                                                                position: Position {
                                                                    path: "",
                                                                    line_number: 1,
                                                                    column_number: 1,
                                                                    line: "",
                                                                },
                                                            },
                                                        ),
                                                    },
                                                ],
                                                result_type: Number(
                                                    Number {
                                                        position: Position {
                                                            path: "",
                                                            line_number: 1,
                                                            column_number: 1,
                                                            line: "",
                                                        },
                                                    },
                                                ),
                                                body: IfType(
                                                    IfType {
                                                        name: "$x",
                                                        argument: Variable(
                                                            Variable {
                                                                name: "$x",
                                                                position: Position {
                                                                    path: "",
                                                                    line_number: 1,
                                                                    column_number: 1,
                                                                    line: "",
                                                                },
                                                            },
                                                        ),
                                                        branches: [
                                                            IfTypeBranch {
                                                                type_: None(
                                                                    None {
                                                                        position: Position {
                                                                            path: "",
                                                                            line_number: 1,
                                                                            column_number: 1,
                                                                            line: "",
                                                                        },
                                                                    },
                                                                ),
                                                                expression: Number(
                                                                    Number {
                                                                        value: 0.0,
                                                                        position: Position {
                                                                            path: "",
                                                                            line_number: 1,
                                                                            column_number: 1,
                                                                            line: "",
                                                                        },
                                                                    },
                                                                ),
                                                            },
                                                        ],
                                                        else_: None,
                                                        position: Position {
                                                            path: "",
                                                            line_number: 1,
                                                            column_number: 1,
                                                            line: "",
                                                        },
                                                    },
                                                ),
                                                position: Position {
                                                    path: "",
                                                    line_number: 1,
                                                    column_number: 1,
                                                    line: "",
                                                },
                                            },
                                        ),
                                        Lambda(
                                            Lambda {
                                                arguments: [
                                                    Argument {
                                                        name: "$lhs",
                                                        type_: Any(
                                                            Any {
                                                                position: Position {
                                                                    path: "",
                                                                    line_number: 1,
                                                                    column_number: 1,
                                                                    line: "",
                                                                },
                                                            },
                                                        ),
                                                    },
                                                    Argument {
                                                        name: "$rhs",
                                                        type_: Any(
                                                            Any {
                                                                position: Position {
                                                                    path: "",
                                                                    line_number: 1,
                                                                    column_number: 1,
                                                                    line: "",
                                                                },
                                                            },
                                                        ),
                                                    },
                                                ],
                                                result_type: Boolean(
                                                    Boolean {
                                                        position: Position {
                                                            path: "",
                                                            line_number: 1,
                                                            column_number: 1,
                                                            line: "",
                                                        },
                                                    },
                                                ),
                                                body: IfType(
                                                    IfType {
                                                        name: "$lhs",
                                                        argument: Variable(
                                                            Variable {
                                                                name: "$lhs",
                                                                position: Position {
                                                                    path: "",
                                                                    line_number: 1,
                                                                    column_number: 1,
                                                                    line: "",
                                                                },
                                                            },
                                                        ),
                                                        branches: [
                                                            IfTypeBranch {
                                                                type_: None(
                                                                    None {
                                                                        position: Position {
                                                                            path: "",
                                                                            line_number: 1,
                                                                            column_number: 1,
                                                                            line: "",
                                                                        },
                                                                    },
                                                                ),
                                                                expression: IfType(
                                                                    IfType {
                                                                        name: "$rhs",
                                                                        argument: Variable(
                                                                            Variable {
                                                                                name: "$rhs",
                                                                                position: Position {
                                                                                    path: "",
                                                                                    line_number: 1,
                                                                                    column_number: 1,
                                                                                    line: "",
                                                                                },
                                                                            },
                                                                        ),
                                                                        branches: [
                                                                            IfTypeBranch {
                                                                                type_: None(
                                                                                    None {
                                                                                        position: Position {
                                                                                            path: "",
                                                                                            line_number: 1,
                                                                                            column_number: 1,
                                                                                            line: "",
                                                                                        },
                                                                                    },
                                                                                ),
                                                                                expression: Boolean(
                                                                                    Boolean {
                                                                                        value: true,
                                                                                        position: Position {
                                                                                            path: "",
                                                                                            line_number: 1,
                                                                                            column_number: 1,
                                                                                            line: "",
                                                                                        },
                                                                                    },
                                                                                ),
                                                                            },
                                                                        ],
                                                                        else_: None,
                                                                        position: Position {
                                                                            path: "",
                                                                            line_number: 1,
                                                                            column_number: 1,
                                                                            line: "",
                                                                        },
                                                                    },
                                                                ),
                                                            },
                                                        ],
                                                        else_: None,
                                                        position: Position {
                                                            path: "",
                                                            line_number: 1,
                                                            column_number: 1,
                                                            line: "",
                                                        },
                                                    },
                                                ),
                                                position: Position {
                                                    path: "",
                                                    line_number: 1,
                                                    column_number: 1,
                                                    line: "",
                                                },
                                            },
                                        ),
                                        Lambda(
                                            Lambda {
                                                arguments: [
                                                    Argument {
                                                        name: "$x",
                                                        type_: Any(
                                                            Any {
                                                                position: Position {
                                                                    path: "",
                                                                    line_number: 1,
                                                                    column_number: 1,
                                                                    line: "",
                                                                },
                                                            },
                                                        ),
                                                    },
                                                ],
                                                result_type: Number(
                                                    Number {
                                                        position: Position {
                                                            path: "",
                                                            line_number: 1,
                                                            column_number: 1,
                                                            line: "",
                                                        },
                                                    },
                                                ),
                                                body: IfType(
                                                    IfType {
                                                        name: "$x",
                                                        argument: Variable(
                                                            Variable {
                                                                name: "$x",
                                                                position: Position {
                                                                    path: "",
                                                                    line_number: 1,
                                                                    column_number: 1,
                                                                    line: "",
                                                                },
                                                            },
                                                        ),
                                                        branches: [
                                                            IfTypeBranch {
                                                                type_: None(
                                                                    None {
                                                                        position: Position {
                                                                            path: "",
                                                                            line_number: 1,
                                                                            column_number: 1,
                                                                            line: "",
                                                                        },
                                                                    },
                                                                ),
                                                                expression: Number(
                                                                    Number {
                                                                        value: 0.0,
                                                                        position: Position {
                                                                            path: "",
                                                                            line_number: 1,
                                                                            column_number: 1,
                                                                            line: "",
                                                                        },
                                                                    },
                                                                ),
                                                            },
                                                        ],
                                                        else_: None,
                                                        position: Position {
                                                            path: "",
                                                            line_number: 1,
                                                            column_number: 1,
                                                            line: "",
                                                        },
                                                    },
                                                ),
                                                position: Position {
                                                    path: "",
                                                    line_number: 1,
                                                    column_number: 1,
                                                    line: "",
                                                },
                                            },
                                        ),
                                    ],
                                    position: Position {
                                        path: "",
                                        line_number: 1,
                                        column_number: 1,
                                        line: "",
                                    },
                                },
                            ),
                            position: Position {
                                path: "",
                                line_number: 1,
                                column_number: 1,
                                line: "",
                            },
                        },
                    ),
                    arguments: [],
                    position: Position {
                        path: "",
                        line_number: 1,
                        column_number: 1,
                        line: "",
                    },
                },
            ),
            expression: None(
                None {
                    position: Position {
                        path: "",
                        line_number: 1,
                        column_number: 1,
                        line: "",
                    },
                },
            ),
            position: Position {
                path: "",
                line_number: 1,
                column_number: 1,
                line: "",
            },
        },
    ),
)
